2026-07-27T14:49:33.588+09:00  INFO 27908 --- [demo] [main] com.example.demo.DemoApplication         : Starting DemoApplication using Java 21.0.11 with PID 27908 (D:\multicampus\spring-lecture-20260727\lombok\build\classes\java\main started by heesu in D:\multicampus\spring-lecture-20260727\lombok)
2026-07-27T14:49:33.590+09:00 DEBUG 27908 --- [demo] [main] com.example.demo.DemoApplication         : Running with Spring Boot v4.1.0, Spring v7.0.8
2026-07-27T14:49:33.590+09:00  INFO 27908 --- [demo] [main] com.example.demo.DemoApplication         : No active profile set, falling back to 1 default profile: "default"
2026-07-27T14:49:33.926+09:00  INFO 27908 --- [demo] [main] com.example.demo.DemoApplication         : Started DemoApplication in 0.73 seconds (process running for 1.095)
2026-07-27T14:49:33.930+09:00 TRACE 27908 --- [demo] [main] com.example.demo.LombokApplication       : product = Product(name=null, description=삼성이 만든 태블릿, price=10000)
2026-07-27T14:49:33.930+09:00 DEBUG 27908 --- [demo] [main] com.example.demo.LombokApplication       : product = Product(name=null, description=삼성이 만든 태블릿, price=10000)
2026-07-27T14:49:33.931+09:00  INFO 27908 --- [demo] [main] com.example.demo.LombokApplication       : product = Product(name=null, description=삼성이 만든 태블릿, price=10000)
2026-07-27T14:49:33.931+09:00  WARN 27908 --- [demo] [main] com.example.demo.LombokApplication       : product = Product(name=null, description=삼성이 만든 태블릿, price=10000)
2026-07-27T14:49:33.931+09:00 ERROR 27908 --- [demo] [main] com.example.demo.LombokApplication       : product = Product(name=null, description=삼성이 만든 태블릿, price=10000)
2026-07-27T14:57:40.665+09:00  INFO 11220 --- [demo] [main] com.example.demo.DemoApplication         : Starting DemoApplication using Java 21.0.11 with PID 11220 (D:\multicampus\spring-lecture-20260727\lombok\build\classes\java\main started by heesu in D:\multicampus\spring-lecture-20260727\lombok)
2026-07-27T14:57:40.668+09:00 DEBUG 11220 --- [demo] [main] com.example.demo.DemoApplication         : Running with Spring Boot v4.1.0, Spring v7.0.8
2026-07-27T14:57:40.668+09:00  INFO 11220 --- [demo] [main] com.example.demo.DemoApplication         : No active profile set, falling back to 1 default profile: "default"
2026-07-27T14:57:41.004+09:00  INFO 11220 --- [demo] [main] com.example.demo.DemoApplication         : Started DemoApplication in 0.732 seconds (process running for 1.088)
2026-07-27T14:57:41.008+09:00 TRACE 11220 --- [demo] [main] com.example.demo.LombokApplication       : product = Product(name=null, description=삼성이 만든 태블릿, price=10000)
2026-07-27T14:57:41.008+09:00 DEBUG 11220 --- [demo] [main] com.example.demo.LombokApplication       : product = Product(name=null, description=삼성이 만든 태블릿, price=10000)
2026-07-27T14:57:41.009+09:00  INFO 11220 --- [demo] [main] com.example.demo.LombokApplication       : product = Product(name=null, description=삼성이 만든 태블릿, price=10000)
2026-07-27T14:57:41.009+09:00  WARN 11220 --- [demo] [main] com.example.demo.LombokApplication       : product = Product(name=null, description=삼성이 만든 태블릿, price=10000)
2026-07-27T14:57:41.009+09:00 ERROR 11220 --- [demo] [main] com.example.demo.LombokApplication       : product = Product(name=null, description=삼성이 만든 태블릿, price=10000)
2026-07-27T14:58:54.800+09:00  INFO 12760 --- [demo] [main] com.example.demo.DemoApplication         : Starting DemoApplication using Java 21.0.11 with PID 12760 (D:\multicampus\spring-lecture-20260727\lombok\build\classes\java\main started by heesu in D:\multicampus\spring-lecture-20260727\lombok)
2026-07-27T14:58:54.802+09:00 DEBUG 12760 --- [demo] [main] com.example.demo.DemoApplication         : Running with Spring Boot v4.1.0, Spring v7.0.8
2026-07-27T14:58:54.802+09:00  INFO 12760 --- [demo] [main] com.example.demo.DemoApplication         : No active profile set, falling back to 1 default profile: "default"
2026-07-27T14:58:55.194+09:00  INFO 12760 --- [demo] [scheduling-1] com.example.demo.ScheduledApplication    : scheduledTask...
2026-07-27T14:58:55.197+09:00  INFO 12760 --- [demo] [main] com.example.demo.DemoApplication         : Started DemoApplication in 0.799 seconds (process running for 1.144)
2026-07-27T14:58:55.202+09:00 TRACE 12760 --- [demo] [main] com.example.demo.LombokApplication       : product = Product(name=null, description=삼성이 만든 태블릿, price=10000)
2026-07-27T14:58:55.203+09:00 DEBUG 12760 --- [demo] [main] com.example.demo.LombokApplication       : product = Product(name=null, description=삼성이 만든 태블릿, price=10000)
2026-07-27T14:58:55.203+09:00  INFO 12760 --- [demo] [main] com.example.demo.LombokApplication       : product = Product(name=null, description=삼성이 만든 태블릿, price=10000)
2026-07-27T14:58:55.203+09:00  WARN 12760 --- [demo] [main] com.example.demo.LombokApplication       : product = Product(name=null, description=삼성이 만든 태블릿, price=10000)
2026-07-27T14:58:55.204+09:00 ERROR 12760 --- [demo] [main] com.example.demo.LombokApplication       : product = Product(name=null, description=삼성이 만든 태블릿, price=10000)
2026-07-27T14:58:56.202+09:00  INFO 12760 --- [demo] [scheduling-1] com.example.demo.ScheduledApplication    : scheduledTask...
2026-07-27T14:58:57.190+09:00  INFO 12760 --- [demo] [scheduling-1] com.example.demo.ScheduledApplication    : scheduledTask...
2026-07-27T14:58:58.194+09:00  INFO 12760 --- [demo] [scheduling-1] com.example.demo.ScheduledApplication    : scheduledTask...
2026-07-27T14:58:59.201+09:00  INFO 12760 --- [demo] [scheduling-1] com.example.demo.ScheduledApplication    : scheduledTask...
2026-07-27T14:59:00.199+09:00  INFO 12760 --- [demo] [scheduling-1] com.example.demo.ScheduledApplication    : scheduledTask...
2026-07-27T14:59:01.200+09:00  INFO 12760 --- [demo] [scheduling-1] com.example.demo.ScheduledApplication    : scheduledTask...
2026-07-27T14:59:02.191+09:00  INFO 12760 --- [demo] [scheduling-1] com.example.demo.ScheduledApplication    : scheduledTask...
2026-07-27T14:59:03.195+09:00  INFO 12760 --- [demo] [scheduling-1] com.example.demo.ScheduledApplication    : scheduledTask...
2026-07-27T14:59:04.194+09:00  INFO 12760 --- [demo] [scheduling-1] com.example.demo.ScheduledApplication    : scheduledTask...
2026-07-27T14:59:05.197+09:00  INFO 12760 --- [demo] [scheduling-1] com.example.demo.ScheduledApplication    : scheduledTask...
2026-07-27T14:59:06.201+09:00  INFO 12760 --- [demo] [scheduling-1] com.example.demo.ScheduledApplication    : scheduledTask...
2026-07-27T14:59:07.192+09:00  INFO 12760 --- [demo] [scheduling-1] com.example.demo.ScheduledApplication    : scheduledTask...
2026-07-27T14:59:08.195+09:00  INFO 12760 --- [demo] [scheduling-1] com.example.demo.ScheduledApplication    : scheduledTask...
2026-07-27T14:59:09.194+09:00  INFO 12760 --- [demo] [scheduling-1] com.example.demo.ScheduledApplication    : scheduledTask...
2026-07-27T14:59:10.198+09:00  INFO 12760 --- [demo] [scheduling-1] com.example.demo.ScheduledApplication    : scheduledTask...
2026-07-27T14:59:11.200+09:00  INFO 12760 --- [demo] [scheduling-1] com.example.demo.ScheduledApplication    : scheduledTask...
2026-07-27T14:59:12.191+09:00  INFO 12760 --- [demo] [scheduling-1] com.example.demo.ScheduledApplication    : scheduledTask...
2026-07-27T15:03:27.461+09:00  INFO 7164 --- [demo] [main] com.example.demo.DemoApplication         : Starting DemoApplication using Java 21.0.11 with PID 7164 (D:\multicampus\spring-lecture-20260727\lombok\build\classes\java\main started by heesu in D:\multicampus\spring-lecture-20260727\lombok)
2026-07-27T15:03:27.464+09:00 DEBUG 7164 --- [demo] [main] com.example.demo.DemoApplication         : Running with Spring Boot v4.1.0, Spring v7.0.8
2026-07-27T15:03:27.467+09:00  INFO 7164 --- [demo] [main] com.example.demo.DemoApplication         : No active profile set, falling back to 1 default profile: "default"
2026-07-27T15:03:27.904+09:00  INFO 7164 --- [demo] [main] com.example.demo.DemoApplication         : Started DemoApplication in 1.07 seconds (process running for 1.609)
2026-07-27T15:03:27.904+09:00  INFO 7164 --- [demo] [scheduling-1] com.example.demo.ScheduledApplication    : scheduledTask...
2026-07-27T15:03:27.908+09:00 TRACE 7164 --- [demo] [main] com.example.demo.LombokApplication       : product = Product(name=null, description=삼성이 만든 태블릿, price=10000)
2026-07-27T15:03:27.908+09:00 DEBUG 7164 --- [demo] [main] com.example.demo.LombokApplication       : product = Product(name=null, description=삼성이 만든 태블릿, price=10000)
2026-07-27T15:03:27.909+09:00  INFO 7164 --- [demo] [main] com.example.demo.LombokApplication       : product = Product(name=null, description=삼성이 만든 태블릿, price=10000)
2026-07-27T15:03:27.909+09:00  WARN 7164 --- [demo] [main] com.example.demo.LombokApplication       : product = Product(name=null, description=삼성이 만든 태블릿, price=10000)
2026-07-27T15:03:27.910+09:00 ERROR 7164 --- [demo] [main] com.example.demo.LombokApplication       : product = Product(name=null, description=삼성이 만든 태블릿, price=10000)
2026-07-27T15:03:37.906+09:00  INFO 7164 --- [demo] [scheduling-1] com.example.demo.ScheduledApplication    : scheduledTask...
